2026-09-27 16:29:47,826 | INFO | === Web Game PS4 - QUARANTINE ===
2026-09-27 16:29:47,826 | INFO | [PAGE 1] GET https://web-game.net/categoria/juegos-ps4/
2026-09-27 16:29:48,267 | INFO | Intentando con curl_cffi / Chrome...
2026-09-27 16:29:48,586 | INFO | curl_cffi HTTP 200 | 284310 bytes
2026-09-27 16:29:48,656 | INFO | Productos encontrados en HTML: 12
2026-09-27 16:29:48,659 | INFO | [PAGE 1] 12 productos
2026-09-27 16:29:48,700 | INFO | [PAGE 1] Siguiente página: https://web-game.net/categoria/juegos-ps4/page/2/
2026-09-27 16:29:50,700 | INFO | [PAGE 2] GET https://web-game.net/categoria/juegos-ps4/page/2/
2026-09-27 16:29:50,700 | INFO | Intentando con curl_cffi / Chrome...
2026-09-27 16:29:51,097 | INFO | curl_cffi HTTP 200 | 282313 bytes
2026-09-27 16:29:51,137 | INFO | Productos encontrados en HTML: 12
2026-09-27 16:29:51,140 | INFO | [PAGE 2] 12 productos
2026-09-27 16:29:51,179 | INFO | [PAGE 2] Siguiente página: https://web-game.net/categoria/juegos-ps4/page/3/
2026-09-27 16:29:53,179 | INFO | [PAGE 3] GET https://web-game.net/categoria/juegos-ps4/page/3/
2026-09-27 16:29:53,180 | INFO | Intentando con curl_cffi / Chrome...
2026-09-27 16:29:53,395 | INFO | curl_cffi HTTP 200 | 284086 bytes
2026-09-27 16:29:53,434 | INFO | Productos encontrados en HTML: 12
2026-09-27 16:29:53,437 | INFO | [PAGE 3] 12 productos
2026-09-27 16:29:53,488 | INFO | [PAGE 3] Siguiente página: https://web-game.net/categoria/juegos-ps4/page/4/
2026-09-27 16:29:55,488 | INFO | [PAGE 4] GET https://web-game.net/categoria/juegos-ps4/page/4/
2026-09-27 16:29:55,489 | INFO | Intentando con curl_cffi / Chrome...
2026-09-27 16:29:55,694 | INFO | curl_cffi HTTP 200 | 286986 bytes
2026-09-27 16:29:55,733 | INFO | Productos encontrados en HTML: 12
2026-09-27 16:29:55,736 | INFO | [PAGE 4] 12 productos
2026-09-27 16:29:55,771 | INFO | [PAGE 4] Siguiente página: https://web-game.net/categoria/juegos-ps4/page/5/
2026-09-27 16:29:57,772 | INFO | [PAGE 5] GET https://web-game.net/categoria/juegos-ps4/page/5/
2026-09-27 16:29:57,772 | INFO | Intentando con curl_cffi / Chrome...
2026-09-27 16:29:59,122 | INFO | curl_cffi HTTP 200 | 290053 bytes
2026-09-27 16:29:59,161 | INFO | Productos encontrados en HTML: 12
2026-09-27 16:29:59,164 | INFO | [PAGE 5] 12 productos
2026-09-27 16:29:59,201 | INFO | [PAGE 5] Siguiente página: https://web-game.net/categoria/juegos-ps4/page/6/
2026-09-27 16:30:01,201 | INFO | [PAGE 6] GET https://web-game.net/categoria/juegos-ps4/page/6/
2026-09-27 16:30:01,201 | INFO | Intentando con curl_cffi / Chrome...
2026-09-27 16:30:02,552 | INFO | curl_cffi HTTP 200 | 288934 bytes
2026-09-27 16:30:02,594 | INFO | Productos encontrados en HTML: 12
2026-09-27 16:30:02,597 | INFO | [PAGE 6] 12 productos
2026-09-27 16:30:02,637 | INFO | [PAGE 6] Siguiente página: https://web-game.net/categoria/juegos-ps4/page/7/
2026-09-27 16:30:04,637 | INFO | [PAGE 7] GET https://web-game.net/categoria/juegos-ps4/page/7/
2026-09-27 16:30:04,637 | INFO | Intentando con curl_cffi / Chrome...
2026-09-27 16:30:06,431 | INFO | curl_cffi HTTP 200 | 289048 bytes
2026-09-27 16:30:06,470 | INFO | Productos encontrados en HTML: 12
2026-09-27 16:30:06,473 | INFO | [PAGE 7] 12 productos
2026-09-27 16:30:06,510 | INFO | [PAGE 7] Siguiente página: https://web-game.net/categoria/juegos-ps4/page/8/
2026-09-27 16:30:08,510 | INFO | [PAGE 8] GET https://web-game.net/categoria/juegos-ps4/page/8/
2026-09-27 16:30:08,510 | INFO | Intentando con curl_cffi / Chrome...
2026-09-27 16:30:09,908 | INFO | curl_cffi HTTP 200 | 288119 bytes
2026-09-27 16:30:09,951 | INFO | Productos encontrados en HTML: 12
2026-09-27 16:30:09,954 | INFO | [PAGE 8] 12 productos
2026-09-27 16:30:09,995 | INFO | [PAGE 8] Siguiente página: https://web-game.net/categoria/juegos-ps4/page/9/
2026-09-27 16:30:11,995 | INFO | [PAGE 9] GET https://web-game.net/categoria/juegos-ps4/page/9/
2026-09-27 16:30:11,995 | INFO | Intentando con curl_cffi / Chrome...
2026-09-27 16:30:13,343 | INFO | curl_cffi HTTP 200 | 290286 bytes
2026-09-27 16:30:13,382 | INFO | Productos encontrados en HTML: 12
2026-09-27 16:30:13,385 | INFO | [PAGE 9] 12 productos
2026-09-27 16:30:13,426 | INFO | [PAGE 9] Siguiente página: https://web-game.net/categoria/juegos-ps4/page/10/
2026-09-27 16:30:15,426 | INFO | [PAGE 10] GET https://web-game.net/categoria/juegos-ps4/page/10/
2026-09-27 16:30:15,426 | INFO | Intentando con curl_cffi / Chrome...
2026-09-27 16:30:16,598 | INFO | curl_cffi HTTP 200 | 288831 bytes
2026-09-27 16:30:16,648 | INFO | Productos encontrados en HTML: 12
2026-09-27 16:30:16,650 | INFO | [PAGE 10] 12 productos
2026-09-27 16:30:16,717 | INFO | [PAGE 10] Siguiente página: https://web-game.net/categoria/juegos-ps4/page/11/
2026-09-27 16:30:18,717 | INFO | [PAGE 11] GET https://web-game.net/categoria/juegos-ps4/page/11/
2026-09-27 16:30:18,717 | INFO | Intentando con curl_cffi / Chrome...
2026-09-27 16:30:20,859 | INFO | curl_cffi HTTP 200 | 289513 bytes
2026-09-27 16:30:20,898 | INFO | Productos encontrados en HTML: 12
2026-09-27 16:30:20,900 | INFO | [PAGE 11] 12 productos
2026-09-27 16:30:20,937 | INFO | [PAGE 11] Siguiente página: https://web-game.net/categoria/juegos-ps4/page/12/
2026-09-27 16:30:22,937 | INFO | [PAGE 12] GET https://web-game.net/categoria/juegos-ps4/page/12/
2026-09-27 16:30:22,937 | INFO | Intentando con curl_cffi / Chrome...
2026-09-27 16:30:24,164 | INFO | curl_cffi HTTP 200 | 288971 bytes
2026-09-27 16:30:24,203 | INFO | Productos encontrados en HTML: 12
2026-09-27 16:30:24,206 | INFO | [PAGE 12] 12 productos
2026-09-27 16:30:24,245 | INFO | [PAGE 12] Siguiente página: https://web-game.net/categoria/juegos-ps4/page/13/
2026-09-27 16:30:26,245 | INFO | [PAGE 13] GET https://web-game.net/categoria/juegos-ps4/page/13/
2026-09-27 16:30:26,245 | INFO | Intentando con curl_cffi / Chrome...
2026-09-27 16:30:27,557 | INFO | curl_cffi HTTP 200 | 286913 bytes
2026-09-27 16:30:27,595 | INFO | Productos encontrados en HTML: 12
2026-09-27 16:30:27,598 | INFO | [PAGE 13] 12 productos
2026-09-27 16:30:27,634 | INFO | [PAGE 13] Siguiente página: https://web-game.net/categoria/juegos-ps4/page/14/
2026-09-27 16:30:29,635 | INFO | [PAGE 14] GET https://web-game.net/categoria/juegos-ps4/page/14/
2026-09-27 16:30:29,635 | INFO | Intentando con curl_cffi / Chrome...
2026-09-27 16:30:30,877 | INFO | curl_cffi HTTP 200 | 285401 bytes
2026-09-27 16:30:30,916 | INFO | Productos encontrados en HTML: 12
2026-09-27 16:30:30,919 | INFO | [PAGE 14] 12 productos
2026-09-27 16:30:30,958 | INFO | [PAGE 14] Siguiente página: https://web-game.net/categoria/juegos-ps4/page/15/
2026-09-27 16:30:32,958 | INFO | [PAGE 15] GET https://web-game.net/categoria/juegos-ps4/page/15/
2026-09-27 16:30:32,959 | INFO | Intentando con curl_cffi / Chrome...
2026-09-27 16:30:34,360 | INFO | curl_cffi HTTP 200 | 284777 bytes
2026-09-27 16:30:34,397 | INFO | Productos encontrados en HTML: 12
2026-09-27 16:30:34,399 | INFO | [PAGE 15] 12 productos
2026-09-27 16:30:34,439 | INFO | [PAGE 15] Siguiente página: https://web-game.net/categoria/juegos-ps4/page/16/
2026-09-27 16:30:36,439 | INFO | [PAGE 16] GET https://web-game.net/categoria/juegos-ps4/page/16/
2026-09-27 16:30:36,439 | INFO | Intentando con curl_cffi / Chrome...
2026-09-27 16:30:37,683 | INFO | curl_cffi HTTP 200 | 283710 bytes
2026-09-27 16:30:37,722 | INFO | Productos encontrados en HTML: 12
2026-09-27 16:30:37,724 | INFO | [PAGE 16] 12 productos
2026-09-27 16:30:37,764 | INFO | [PAGE 16] Siguiente página: https://web-game.net/categoria/juegos-ps4/page/17/
2026-09-27 16:30:39,764 | INFO | [PAGE 17] GET https://web-game.net/categoria/juegos-ps4/page/17/
2026-09-27 16:30:39,764 | INFO | Intentando con curl_cffi / Chrome...
2026-09-27 16:30:41,142 | INFO | curl_cffi HTTP 200 | 283882 bytes
2026-09-27 16:30:41,212 | INFO | Productos encontrados en HTML: 12
2026-09-27 16:30:41,215 | INFO | [PAGE 17] 12 productos
2026-09-27 16:30:41,250 | INFO | [PAGE 17] Siguiente página: https://web-game.net/categoria/juegos-ps4/page/18/
2026-09-27 16:30:43,250 | INFO | [PAGE 18] GET https://web-game.net/categoria/juegos-ps4/page/18/
2026-09-27 16:30:43,250 | INFO | Intentando con curl_cffi / Chrome...
2026-09-27 16:30:44,514 | INFO | curl_cffi HTTP 200 | 284385 bytes
2026-09-27 16:30:44,554 | INFO | Productos encontrados en HTML: 12
2026-09-27 16:30:44,556 | INFO | [PAGE 18] 12 productos
2026-09-27 16:30:44,596 | INFO | [PAGE 18] Siguiente página: https://web-game.net/categoria/juegos-ps4/page/19/
2026-09-27 16:30:46,596 | INFO | [PAGE 19] GET https://web-game.net/categoria/juegos-ps4/page/19/
2026-09-27 16:30:46,596 | INFO | Intentando con curl_cffi / Chrome...
2026-09-27 16:30:47,848 | INFO | curl_cffi HTTP 200 | 284635 bytes
2026-09-27 16:30:47,888 | INFO | Productos encontrados en HTML: 12
2026-09-27 16:30:47,891 | INFO | [PAGE 19] 12 productos
2026-09-27 16:30:47,927 | INFO | [PAGE 19] Siguiente página: https://web-game.net/categoria/juegos-ps4/page/20/
2026-09-27 16:30:49,928 | INFO | [PAGE 20] GET https://web-game.net/categoria/juegos-ps4/page/20/
2026-09-27 16:30:49,928 | INFO | Intentando con curl_cffi / Chrome...
2026-09-27 16:30:51,078 | INFO | curl_cffi HTTP 200 | 283843 bytes
2026-09-27 16:30:51,115 | INFO | Productos encontrados en HTML: 12
2026-09-27 16:30:51,118 | INFO | [PAGE 20] 12 productos
2026-09-27 16:30:51,157 | INFO | [PAGE 20] Siguiente página: https://web-game.net/categoria/juegos-ps4/page/21/
2026-09-27 16:30:53,157 | INFO | [PAGE 21] GET https://web-game.net/categoria/juegos-ps4/page/21/
2026-09-27 16:30:53,157 | INFO | Intentando con curl_cffi / Chrome...
2026-09-27 16:30:54,392 | INFO | curl_cffi HTTP 200 | 284186 bytes
2026-09-27 16:30:54,431 | INFO | Productos encontrados en HTML: 12
2026-09-27 16:30:54,434 | INFO | [PAGE 21] 12 productos
2026-09-27 16:30:54,473 | INFO | [PAGE 21] Siguiente página: https://web-game.net/categoria/juegos-ps4/page/22/
2026-09-27 16:30:56,474 | INFO | [PAGE 22] GET https://web-game.net/categoria/juegos-ps4/page/22/
2026-09-27 16:30:56,474 | INFO | Intentando con curl_cffi / Chrome...
2026-09-27 16:30:57,698 | INFO | curl_cffi HTTP 200 | 283988 bytes
2026-09-27 16:30:57,739 | INFO | Productos encontrados en HTML: 12
2026-09-27 16:30:57,741 | INFO | [PAGE 22] 12 productos
2026-09-27 16:30:57,780 | INFO | [PAGE 22] Siguiente página: https://web-game.net/categoria/juegos-ps4/page/23/
2026-09-27 16:30:59,780 | INFO | [PAGE 23] GET https://web-game.net/categoria/juegos-ps4/page/23/
2026-09-27 16:30:59,780 | INFO | Intentando con curl_cffi / Chrome...
2026-09-27 16:31:01,107 | INFO | curl_cffi HTTP 200 | 283205 bytes
2026-09-27 16:31:01,145 | INFO | Productos encontrados en HTML: 12
2026-09-27 16:31:01,148 | INFO | [PAGE 23] 12 productos
2026-09-27 16:31:01,184 | INFO | [PAGE 23] Siguiente página: https://web-game.net/categoria/juegos-ps4/page/24/
2026-09-27 16:31:03,184 | INFO | [PAGE 24] GET https://web-game.net/categoria/juegos-ps4/page/24/
2026-09-27 16:31:03,184 | INFO | Intentando con curl_cffi / Chrome...
2026-09-27 16:31:04,894 | INFO | curl_cffi HTTP 200 | 286833 bytes
2026-09-27 16:31:04,961 | INFO | Productos encontrados en HTML: 12
2026-09-27 16:31:04,963 | INFO | [PAGE 24] 12 productos
2026-09-27 16:31:05,000 | INFO | [PAGE 24] Siguiente página: https://web-game.net/categoria/juegos-ps4/page/25/
2026-09-27 16:31:07,000 | INFO | [PAGE 25] GET https://web-game.net/categoria/juegos-ps4/page/25/
2026-09-27 16:31:07,000 | INFO | Intentando con curl_cffi / Chrome...
2026-09-27 16:31:08,306 | INFO | curl_cffi HTTP 200 | 282888 bytes
2026-09-27 16:31:08,344 | INFO | Productos encontrados en HTML: 12
2026-09-27 16:31:08,346 | INFO | [PAGE 25] 12 productos
2026-09-27 16:31:08,383 | INFO | [PAGE 25] Siguiente página: https://web-game.net/categoria/juegos-ps4/page/26/
2026-09-27 16:31:10,383 | INFO | [PAGE 26] GET https://web-game.net/categoria/juegos-ps4/page/26/
2026-09-27 16:31:10,384 | INFO | Intentando con curl_cffi / Chrome...
2026-09-27 16:31:11,554 | INFO | curl_cffi HTTP 200 | 286165 bytes
2026-09-27 16:31:11,594 | INFO | Productos encontrados en HTML: 12
2026-09-27 16:31:11,596 | INFO | [PAGE 26] 12 productos
2026-09-27 16:31:11,636 | INFO | [PAGE 26] Siguiente página: https://web-game.net/categoria/juegos-ps4/page/27/
2026-09-27 16:31:13,636 | INFO | [PAGE 27] GET https://web-game.net/categoria/juegos-ps4/page/27/
2026-09-27 16:31:13,636 | INFO | Intentando con curl_cffi / Chrome...
2026-09-27 16:31:14,876 | INFO | curl_cffi HTTP 200 | 283738 bytes
2026-09-27 16:31:14,915 | INFO | Productos encontrados en HTML: 12
2026-09-27 16:31:14,918 | INFO | [PAGE 27] 12 productos
2026-09-27 16:31:14,953 | INFO | [PAGE 27] Siguiente página: https://web-game.net/categoria/juegos-ps4/page/28/
2026-09-27 16:31:16,954 | INFO | [PAGE 28] GET https://web-game.net/categoria/juegos-ps4/page/28/
2026-09-27 16:31:16,954 | INFO | Intentando con curl_cffi / Chrome...
2026-09-27 16:31:18,102 | INFO | curl_cffi HTTP 200 | 283390 bytes
2026-09-27 16:31:18,144 | INFO | Productos encontrados en HTML: 12
2026-09-27 16:31:18,146 | INFO | [PAGE 28] 12 productos
2026-09-27 16:31:18,185 | INFO | [PAGE 28] Siguiente página: https://web-game.net/categoria/juegos-ps4/page/29/
2026-09-27 16:31:20,185 | INFO | [PAGE 29] GET https://web-game.net/categoria/juegos-ps4/page/29/
2026-09-27 16:31:20,185 | INFO | Intentando con curl_cffi / Chrome...
2026-09-27 16:31:21,440 | INFO | curl_cffi HTTP 200 | 285332 bytes
2026-09-27 16:31:21,478 | INFO | Productos encontrados en HTML: 12
2026-09-27 16:31:21,481 | INFO | [PAGE 29] 12 productos
2026-09-27 16:31:21,517 | INFO | [PAGE 29] Siguiente página: https://web-game.net/categoria/juegos-ps4/page/30/
2026-09-27 16:31:23,517 | INFO | [PAGE 30] GET https://web-game.net/categoria/juegos-ps4/page/30/
2026-09-27 16:31:23,517 | INFO | Intentando con curl_cffi / Chrome...
2026-09-27 16:31:24,665 | INFO | curl_cffi HTTP 200 | 284999 bytes
2026-09-27 16:31:24,702 | INFO | Productos encontrados en HTML: 12
2026-09-27 16:31:24,705 | INFO | [PAGE 30] 12 productos
2026-09-27 16:31:24,739 | INFO | [PAGE 30] Siguiente página: https://web-game.net/categoria/juegos-ps4/page/31/
2026-09-27 16:31:26,740 | INFO | [PAGE 31] GET https://web-game.net/categoria/juegos-ps4/page/31/
2026-09-27 16:31:26,740 | INFO | Intentando con curl_cffi / Chrome...
2026-09-27 16:31:27,977 | INFO | curl_cffi HTTP 200 | 283771 bytes
2026-09-27 16:31:28,047 | INFO | Productos encontrados en HTML: 12
2026-09-27 16:31:28,049 | INFO | [PAGE 31] 12 productos
2026-09-27 16:31:28,086 | INFO | [PAGE 31] Siguiente página: https://web-game.net/categoria/juegos-ps4/page/32/
2026-09-27 16:31:30,086 | INFO | [PAGE 32] GET https://web-game.net/categoria/juegos-ps4/page/32/
2026-09-27 16:31:30,086 | INFO | Intentando con curl_cffi / Chrome...
2026-09-27 16:31:31,700 | INFO | curl_cffi HTTP 200 | 286136 bytes
2026-09-27 16:31:31,739 | INFO | Productos encontrados en HTML: 12
2026-09-27 16:31:31,742 | INFO | [PAGE 32] 12 productos
2026-09-27 16:31:31,781 | INFO | [PAGE 32] Siguiente página: https://web-game.net/categoria/juegos-ps4/page/33/
2026-09-27 16:31:33,781 | INFO | [PAGE 33] GET https://web-game.net/categoria/juegos-ps4/page/33/
2026-09-27 16:31:33,781 | INFO | Intentando con curl_cffi / Chrome...
2026-09-27 16:31:35,057 | INFO | curl_cffi HTTP 200 | 285910 bytes
2026-09-27 16:31:35,094 | INFO | Productos encontrados en HTML: 12
2026-09-27 16:31:35,097 | INFO | [PAGE 33] 12 productos
2026-09-27 16:31:35,136 | INFO | [PAGE 33] Siguiente página: https://web-game.net/categoria/juegos-ps4/page/34/
2026-09-27 16:31:37,137 | INFO | [PAGE 34] GET https://web-game.net/categoria/juegos-ps4/page/34/
2026-09-27 16:31:37,137 | INFO | Intentando con curl_cffi / Chrome...
2026-09-27 16:31:38,303 | INFO | curl_cffi HTTP 200 | 284733 bytes
2026-09-27 16:31:38,343 | INFO | Productos encontrados en HTML: 12
2026-09-27 16:31:38,346 | INFO | [PAGE 34] 12 productos
2026-09-27 16:31:38,386 | INFO | [PAGE 34] Siguiente página: https://web-game.net/categoria/juegos-ps4/page/35/
2026-09-27 16:31:40,386 | INFO | [PAGE 35] GET https://web-game.net/categoria/juegos-ps4/page/35/
2026-09-27 16:31:40,386 | INFO | Intentando con curl_cffi / Chrome...
2026-09-27 16:31:41,508 | INFO | curl_cffi HTTP 200 | 286979 bytes
2026-09-27 16:31:41,546 | INFO | Productos encontrados en HTML: 12
2026-09-27 16:31:41,548 | INFO | [PAGE 35] 12 productos
2026-09-27 16:31:41,587 | INFO | [PAGE 35] Siguiente página: https://web-game.net/categoria/juegos-ps4/page/36/
2026-09-27 16:31:43,588 | INFO | [PAGE 36] GET https://web-game.net/categoria/juegos-ps4/page/36/
2026-09-27 16:31:43,588 | INFO | Intentando con curl_cffi / Chrome...
2026-09-27 16:31:44,933 | INFO | curl_cffi HTTP 200 | 286385 bytes
2026-09-27 16:31:44,972 | INFO | Productos encontrados en HTML: 12
2026-09-27 16:31:44,975 | INFO | [PAGE 36] 12 productos
2026-09-27 16:31:45,011 | INFO | [PAGE 36] Siguiente página: https://web-game.net/categoria/juegos-ps4/page/37/
2026-09-27 16:31:47,012 | INFO | [PAGE 37] GET https://web-game.net/categoria/juegos-ps4/page/37/
2026-09-27 16:31:47,012 | INFO | Intentando con curl_cffi / Chrome...
2026-09-27 16:31:48,509 | INFO | curl_cffi HTTP 200 | 285390 bytes
2026-09-27 16:31:48,547 | INFO | Productos encontrados en HTML: 12
2026-09-27 16:31:48,550 | INFO | [PAGE 37] 12 productos
2026-09-27 16:31:48,614 | INFO | [PAGE 37] Siguiente página: https://web-game.net/categoria/juegos-ps4/page/38/
2026-09-27 16:31:50,615 | INFO | [PAGE 38] GET https://web-game.net/categoria/juegos-ps4/page/38/
2026-09-27 16:31:50,615 | INFO | Intentando con curl_cffi / Chrome...
2026-09-27 16:31:51,743 | INFO | curl_cffi HTTP 200 | 283367 bytes
2026-09-27 16:31:51,781 | INFO | Productos encontrados en HTML: 12
2026-09-27 16:31:51,784 | INFO | [PAGE 38] 12 productos
2026-09-27 16:31:51,820 | INFO | [PAGE 38] Siguiente página: https://web-game.net/categoria/juegos-ps4/page/39/
2026-09-27 16:31:53,820 | INFO | [PAGE 39] GET https://web-game.net/categoria/juegos-ps4/page/39/
2026-09-27 16:31:53,821 | INFO | Intentando con curl_cffi / Chrome...
2026-09-27 16:31:54,925 | INFO | curl_cffi HTTP 200 | 285839 bytes
2026-09-27 16:31:54,963 | INFO | Productos encontrados en HTML: 12
2026-09-27 16:31:54,966 | INFO | [PAGE 39] 12 productos
2026-09-27 16:31:55,006 | INFO | [PAGE 39] Siguiente página: https://web-game.net/categoria/juegos-ps4/page/40/
2026-09-27 16:31:57,006 | INFO | [PAGE 40] GET https://web-game.net/categoria/juegos-ps4/page/40/
2026-09-27 16:31:57,006 | INFO | Intentando con curl_cffi / Chrome...
2026-09-27 16:31:58,390 | INFO | curl_cffi HTTP 200 | 287194 bytes
2026-09-27 16:31:58,432 | INFO | Productos encontrados en HTML: 12
2026-09-27 16:31:58,435 | INFO | [PAGE 40] 12 productos
2026-09-27 16:31:58,475 | INFO | [PAGE 40] Siguiente página: https://web-game.net/categoria/juegos-ps4/page/41/
2026-09-27 16:32:00,476 | INFO | [PAGE 41] GET https://web-game.net/categoria/juegos-ps4/page/41/
2026-09-27 16:32:00,476 | INFO | Intentando con curl_cffi / Chrome...
2026-09-27 16:32:01,670 | INFO | curl_cffi HTTP 200 | 286260 bytes
2026-09-27 16:32:01,708 | INFO | Productos encontrados en HTML: 12
2026-09-27 16:32:01,711 | INFO | [PAGE 41] 12 productos
2026-09-27 16:32:01,758 | INFO | [PAGE 41] Fin de paginación.
2026-09-27 16:32:01,762 | INFO | TOTAL PRODUCTOS: 492
